{
    "add.onCall": [
        [
            "Function: proxy [* => *]"
        ]
    ],
    "addMore.onCall": [
        [
            "Function: proxy [* => *]"
        ]
    ],
    "addAgain.onCall": [
        [
            "Function: proxy [* => *]"
        ]
    ]
}
